[2020-05-31 12:00:00][Info]    Cached results do not exist: output\cache.json
[2020-05-31 12:00:00][Info]    Snapshot: <snapshot> (<num> packages)
[2020-05-31 12:00:00][Info]    PATH ghc: <version>
[2020-05-31 12:00:00][Info]    Stackage ghc: <version>
[2020-05-31 12:00:00][Info]    Filtered to <num> packages (windows).
[2020-05-31 12:00:00][Info]    Starting build(s)
[2020-05-31 12:00:00][Success] 3: cborg-<vers>, clock-<vers>
[2020-05-31 12:00:00][Success] 2: extra-<vers>, optics-core-<vers>
[2020-05-31 12:00:00][Success] 1: profunctors-<vers>


- Successes: 5 (100%)
- Failures:  0 (0%)
- Untested:  0 (0%)

- Start: 2020-05-31 12:00:00
- End:   2020-05-31 12:00:00

